exports[`test renders no statements when no statements are present 1`] = `
<p>
  <span>
    foo@bar.com
  </span>
   
  <strong>
    created
  </strong>
   
  <span>
    Chapter
  </span>
</p>
`;
