exports[`test matches the render snapshot 1`] = `
<div>
  Nothing here
</div>
`;
